#! /opt/homebrew/Cellar/icarus-verilog/13.0/bin/vvp
:ivl_version "13.0 (stable)" "(v13_0)";
:ivl_delay_selection "TYPICAL";
:vpi_time_precision + 0;
:vpi_module "/opt/homebrew/Cellar/icarus-verilog/13.0/lib/ivl/system.vpi";
:vpi_module "/opt/homebrew/Cellar/icarus-verilog/13.0/lib/ivl/vhdl_sys.vpi";
:vpi_module "/opt/homebrew/Cellar/icarus-verilog/13.0/lib/ivl/vhdl_textio.vpi";
:vpi_module "/opt/homebrew/Cellar/icarus-verilog/13.0/lib/ivl/v2005_math.vpi";
:vpi_module "/opt/homebrew/Cellar/icarus-verilog/13.0/lib/ivl/va_math.vpi";
S_0x14f004e50 .scope module, "bench" "bench" 2 1;
 .timescale 0 0;
v0x14f0188d0_0 .var "CLK", 0 0;
v0x14f018980_0 .net "LEDS", 4 0, L_0x14f018d30;  1 drivers
L_0x140050010 .functor BUFT 1, C4<0>, C4<0>, C4<0>, C4<0>;
v0x14f018a10_0 .net "RESET", 0 0, L_0x140050010;  1 drivers
v0x14f018ae0_0 .var "RXD", 0 0;
L_0x140050058 .functor BUFT 1, C4<0>, C4<0>, C4<0>, C4<0>;
v0x14f018b90_0 .net "TXD", 0 0, L_0x140050058;  1 drivers
v0x14f018c60_0 .var "prev_LEDS", 4 0;
S_0x14f0068f0 .scope module, "uut" "SOC" 2 8, 3 8 0, S_0x14f004e50;
 .timescale 0 0;
    .port_info 0 /INPUT 1 "CLK";
    .port_info 1 /INPUT 1 "RESET";
    .port_info 2 /OUTPUT 5 "LEDS";
    .port_info 3 /INPUT 1 "RXD";
    .port_info 4 /OUTPUT 1 "TXD";
L_0x14f018d30 .functor BUFZ 5, v0x14f0187a0_0, C4<00000>, C4<00000>, C4<00000>;
v0x14f005060_0 .net "CLK", 0 0, v0x14f0188d0_0;  1 drivers
v0x14f0184e0_0 .net "LEDS", 4 0, L_0x14f018d30;  alias, 1 drivers
v0x14f018580_0 .net "RESET", 0 0, L_0x140050010;  alias, 1 drivers
v0x14f018630_0 .net "RXD", 0 0, v0x14f018ae0_0;  1 drivers
v0x14f0186c0_0 .net "TXD", 0 0, L_0x140050058;  alias, 1 drivers
v0x14f0187a0_0 .var "count", 4 0;
E_0x14f005780 .event posedge, v0x14f005060_0;
    .scope S_0x14f0068f0;
T_0 ;
    %pushi/vec4 0, 0, 5;
    %store/vec4 v0x14f0187a0_0, 0, 5;
    %end;
    .thread T_0;
    .scope S_0x14f0068f0;
T_1 ;
    %wait E_0x14f005780;
    %load/vec4 v0x14f0187a0_0;
    %addi 1, 0, 5;
    %assign/vec4 v0x14f0187a0_0, 0;
    %jmp T_1;
    .thread T_1;
    .scope S_0x14f004e50;
T_2 ;
    %pushi/vec4 0, 0, 1;
    %store/vec4 v0x14f018ae0_0, 0, 1;
    %pushi/vec4 0, 0, 5;
    %store/vec4 v0x14f018c60_0, 0, 5;
    %end;
    .thread T_2;
    .scope S_0x14f004e50;
T_3 ;
    %pushi/vec4 0, 0, 1;
    %store/vec4 v0x14f0188d0_0, 0, 1;
T_3.0 ;
    %delay 100000, 0;
    %load/vec4 v0x14f0188d0_0;
    %inv;
    %store/vec4 v0x14f0188d0_0, 0, 1;
    %load/vec4 v0x14f018980_0;
    %load/vec4 v0x14f018c60_0;
    %cmp/ne;
    %jmp/0xz  T_3.2, 4;
    %vpi_call 2 22 "$display", "LEDS = %b", v0x14f018980_0 {0 0 0};
T_3.2 ;
    %load/vec4 v0x14f018980_0;
    %assign/vec4 v0x14f018c60_0, 0;
    %jmp T_3.0;
T_3.1 ;
    %end;
    .thread T_3;
# The file index is used to find the file name in the following table.
:file_names 4;
    "N/A";
    "<interactive>";
    "bench_iverilog.v";
    "step1.v";
